../Core/Src/main.c:116:5:main	8	static
../Core/Src/main.c:168:6:SystemClock_Config	120	static
../Core/Src/main.c:220:13:MX_ADC1_Init	56	static
../Core/Src/main.c:285:13:MX_DAC1_Init	48	static
../Core/Src/main.c:326:13:MX_TIM2_Init	40	static
../Core/Src/main.c:371:13:MX_TIM3_Init	40	static
../Core/Src/main.c:417:13:MX_USART3_UART_Init	8	static
../Core/Src/main.c:463:13:MX_DMA_Init	16	static
../Core/Src/main.c:481:13:MX_GPIO_Init	24	static
../Core/Src/main.c:494:6:runTest	32	static
../Core/Src/main.c:567:8:findTemp	16	static
../Core/Src/main.c:572:8:slope_linear_region	336	dynamic
../Core/Src/main.c:632:6:splitArray	48	static
../Core/Src/main.c:658:6:lin_Regression	160	static
../Core/Src/main.c:710:8:calcThermCond	24	static
../Core/Src/main.c:717:6:HAL_ADC_ConvCpltCallback	24	static
../Core/Src/main.c:755:6:HAL_TIM_PeriodElapsedCallback	16	static
../Core/Src/main.c:817:6:Error_Handler	4	static,ignoring_inline_asm
