../Core/Src/main.c:117:5:main	8	static
../Core/Src/main.c:170:6:SystemClock_Config	120	static
../Core/Src/main.c:222:13:MX_ADC1_Init	56	static
../Core/Src/main.c:287:13:MX_DAC1_Init	48	static
../Core/Src/main.c:328:13:MX_TIM2_Init	40	static
../Core/Src/main.c:373:13:MX_TIM3_Init	40	static
../Core/Src/main.c:419:13:MX_USART3_UART_Init	8	static
../Core/Src/main.c:465:13:MX_DMA_Init	16	static
../Core/Src/main.c:483:13:MX_GPIO_Init	24	static
../Core/Src/main.c:496:6:runTest	64	static
../Core/Src/main.c:560:6:HAL_ADC_ConvCpltCallback	24	static
../Core/Src/main.c:604:6:HAL_TIM_PeriodElapsedCallback	16	static
../Core/Src/main.c:670:6:Error_Handler	4	static,ignoring_inline_asm
